   1               		.file	"can.c"
   2               	__SREG__ = 0x3f
   3               	__SP_H__ = 0x3e
   4               	__SP_L__ = 0x3d
   5               	__CCP__  = 0x34
   6               	__tmp_reg__ = 0
   7               	__zero_reg__ = 1
   9               		.text
  10               	.Ltext0:
  77               	.global	can_send_message
  79               	can_send_message:
   1:can.c         **** #include "can.h"
   2:can.c         **** void can_send_message( uint32_t id, uint8_t *data, uint8_t length, uint8_t flags);
   3:can.c         **** 
   4:can.c         **** void can_send_message( uint32_t id, uint8_t *data, uint8_t length, uint8_t flags)
   5:can.c         **** {
  80               	3
  81               		push r14
  82               		push r15
  83 0000 AF92      		push r16
  84 0002 BF92      		push r17
  85 0004 CF92      		push r29
  86 0006 DF92      		push r28
  87 0008 EF92      		rcall .
  88 000a FF92      		rcall .
  89 000c 0F93      		in r28,__SP_L__
  90 000e 1F93      		in r29,__SP_H__
  91 0010 DF93      	/* prologue: function */
  92 0012 CF93      	/* frame size = 4 */
  93 0014 00D0      		movw r12,r22
  94 0016 00D0      		movw r14,r24
  95 0018 CDB7      		movw r10,r20
  96 001a DEB7      		mov r17,r18
  98               	.LM1:
  99 001c 6B01      		cpi r18,lo8(9)
 100 001e 7C01      		brlo .L2
 101 0020 5A01      		ldi r17,lo8(0)
 102 0022 122F      	.L2:
   6:can.c         ****     uint8_t temp[4];
   7:can.c         **** 
   8:can.c         ****     if (length > 8)
 103               	ze = 4 */
 104               		movw r12,r22
 105 0024 2930      		movw r14,r24
 106 0026 00F0      		movw r10,r20
 107 0028 10E0      		mov r17,r18
   9:can.c         ****         length = 0;
  10:can.c         **** 
  11:can.c         ****     /* Nachrichten Buffer auf Höchste Priorität einstellen */
  12:can.c         ****     mcp2515_bit_modify( TXB0CTRL, (1<<TXP1)|(1<<TXP0), (1<<TXP1)|(1<<TXP0) );
 109               	_L__
 110               		in r29,__SP_H__
 111 002a 80E3      	/* prologue: function */
 112 002c 63E0      	/* frame size = 4 */
 113 002e 43E0      		movw r12,r22
 114 0030 00D0      		movw r14,r24
  13:can.c         **** 
  14:can.c         ****     /* Identifier einstellen */
  15:can.c         ****     if (flags & CAN_EID)
 115               	sh r17
 116               		push r29
 117 0032 06FF      		push r28
 118 0034 00C0      		rcall .
  16:can.c         ****     {
  17:can.c         ****         temp[0] = (uint8_t) (id>>21);
 119               	_message:
 121 0036 D701      	.LM0:
 122 0038 C601      	.LFBB1:
 123 003a E5E1      		push r10
 124 003c B695      		push r11
 125 003e A795      		push r12
 126 0040 9795      		push r13
 127 0042 8795      		push r14
 128 0044 EA95      		push r15
 129 0046 01F4      		push r16
 130 0048 8983      		push r17
  18:can.c         ****         temp[1] = (((uint8_t) (id>>16)) & 0x03) | (((uint8_t) (id>>13)) & 0xE0) | (1<<EXIDE);
 131               	send_message, @function
 132               	can_send_message:
 134 004c AA27      	.LM0:
 135 004e BB27      	.LFBB1:
 136 0050 8370      		push r10
 137 0052 A701      		push r11
 138 0054 9601      		push r12
 139 0056 6DE0      		push r13
 140 0058 5695      		push r14
 141 005a 4795      		push r15
 142 005c 3795      		push r16
 143 005e 2795      		push r17
 144 0060 6A95      		push r29
 145 0062 01F4      		push r28
 146 0064 207E      		rcall .
 147 0066 822B      		rcall .
 148 0068 8860      		in r28,__SP_L__
 149 006a 8A83      		in r29,__SP_H__
  19:can.c         ****         temp[2] = (uint8_t) (id>>8);
 150               	BB1:
 151               		push r10
 152 006c BB27      		push r11
 153 006e AF2D      		push r12
 154 0070 9E2D      		push r13
 155 0072 8D2D      		push r14
 156 0074 8B83      		push r15
  20:can.c         ****         temp[3] = (uint8_t) id;
 157               	nd_message
 159 0076 CC82      	can_send_message:
 161               	.LM0:
  21:can.c         ****     }
  22:can.c         ****     else
  23:can.c         ****     {
  24:can.c         ****         temp[0] = (uint8_t) (id>>3);
 162               	s	"length:P(6,2)",64,0,0,17
 164 007a D701      	.global	can_send_message
 166 007e 23E0      	can_send_message:
 168 0082 A795      	.LM0:
 169 0084 9795      	.LFBB1:
 170 0086 8795      		push r10
 171 0088 2A95      		push r11
 172 008a 01F4      		push r12
 173 008c 8983      		push r13
  25:can.c         ****         temp[1] = (uint8_t) (id<<5);
 174               	,0,0,16
 175               	.global	can_send_message
 177 0090 8295      	can_send_message:
 179 0094 807E      	.LM0:
 180 0096 8A83      	.LFBB1:
  26:can.c         ****         temp[2] = 0;
 181               	:P(6,2)",64,0,0,17
 183 0098 1B82      	.global	can_send_message
  27:can.c         ****         temp[3] = 0;
 184               	_send_message
  28:can.c         ****     }
  29:can.c         ****     mcp2515_write_register_p( TXB0SIDH, temp, 4 );
 188               	tabn	162,0,0,0
 194 00a4 44E0      	.global	can_send_message
  30:can.c         **** 
  31:can.c         **** 
  32:can.c         ****     if (flags & CAN_RTR)
 196               	,0,0,12
  33:can.c         ****         mcp2515_write_register( TXB0DLC, length | (1<<RTR) );
 200               	essage:F(0,15)",36,0,0,can_send_message
 205 00b2 00C0      	.global	can_send_message
  34:can.c         ****     else
  35:can.c         ****         mcp2515_write_register( TXB0DLC, length );
 207               	,0,0,12
 211               	.global	can_send_message
  36:can.c         **** 
  37:can.c         ****     mcp2515_write_register_p( TXB0D0, data, length );
 213               	,0,0,12
 217 00be 412F      	.global	can_send_message
  38:can.c         **** 
  39:can.c         ****     PORTB &= ~(1<<SPI_CS);
 219               	,0,0,12
  40:can.c         ****     spi_putc(SPI_RTS | 0x01);
 222               	tabn	162,0,0,0
  41:can.c         ****     PORTB |= (1<<SPI_CS);
 226               	abn	162,0,0,0
  42:can.c         **** }
 230               	high:(0,11),8,8;extended:(0,11),16,8;;",128,0,0,0
 240 00da FF90      	.global	can_send_message
 242 00de DF90      	can_send_message:
 244 00e2 BF90      	.LM0:
 245 00e4 AF90      	.LFBB1:
 246 00e6 0895      		push r10
 247               		push r11
 248               		push r12
 249               		push r13
 250               		push r14
 251               		push r15
 252               		push r16
 253               		push r17
DEFINED SYMBOLS
                            *ABS*:00000000 can.c
C:\Users\ADMINI~1\AppData\Local\Temp/ccEot4ES.s:2      *ABS*:0000003f __SREG__
C:\Users\ADMINI~1\AppData\Local\Temp/ccEot4ES.s:3      *ABS*:0000003e __SP_H__
C:\Users\ADMINI~1\AppData\Local\Temp/ccEot4ES.s:4      *ABS*:0000003d __SP_L__
C:\Users\ADMINI~1\AppData\Local\Temp/ccEot4ES.s:5      *ABS*:00000034 __CCP__
C:\Users\ADMINI~1\AppData\Local\Temp/ccEot4ES.s:6      *ABS*:00000000 __tmp_reg__
C:\Users\ADMINI~1\AppData\Local\Temp/ccEot4ES.s:7      *ABS*:00000001 __zero_reg__
C:\Users\ADMINI~1\AppData\Local\Temp/ccEot4ES.s:79     .text:00000000 can_send_message

UNDEFINED SYMBOLS
mcp2515_bit_modify
mcp2515_write_register_p
mcp2515_write_register
spi_putc
